This is XeTeX, Version 3.141592653-2.6-0.999997 (TeX Live 2025) (preloaded format=xelatex 2026.1.2)  22 JAN 2026 22:23
entering extended mode
 restricted \write18 enabled.
 %&-line parsing enabled.
**baire.tex
(./baire.tex
LaTeX2e <2025-11-01>
L3 programming layer <2025-12-29>
(/home/zaikunzhang/local/texlive/2025/texmf-dist/tex/latex/base/article.cls
Document Class: article 2025/01/22 v1.4n Standard LaTeX document class
(/home/zaikunzhang/local/texlive/2025/texmf-dist/tex/latex/base/size11.clo
File: size11.clo 2025/01/22 v1.4n Standard LaTeX file (size option)
)
\c@part=\count271
\c@section=\count272
\c@subsection=\count273
\c@subsubsection=\count274
\c@paragraph=\count275
\c@subparagraph=\count276
\c@figure=\count277
\c@table=\count278
\abovecaptionskip=\skip49
\belowcaptionskip=\skip50
\bibindent=\dimen148
)
(/home/zaikunzhang/local/texlive/2025/texmf-dist/tex/latex/oberdiek/ifdraft.sty
Package: ifdraft 2016/05/16 v1.4 Detect class options draft and final (HO)
)
(/home/zaikunzhang/local/texlive/2025/texmf-dist/tex/latex/amsmath/amsmath.sty
Package: amsmath 2025/07/09 v2.17z AMS math features
\@mathmargin=\skip51

For additional information on amsmath, use the `?' option.
(/home/zaikunzhang/local/texlive/2025/texmf-dist/tex/latex/amsmath/amstext.sty
Package: amstext 2024/11/17 v2.01 AMS text

(/home/zaikunzhang/local/texlive/2025/texmf-dist/tex/latex/amsmath/amsgen.sty
File: amsgen.sty 1999/11/30 v2.0 generic functions
\@emptytoks=\toks17
\ex@=\dimen149
)) (/home/zaikunzhang/local/texlive/2025/texmf-dist/tex/latex/amsmath/amsbsy.st
y
Package: amsbsy 1999/11/29 v1.2d Bold Symbols
\pmbraise@=\dimen150
) (/home/zaikunzhang/local/texlive/2025/texmf-dist/tex/latex/amsmath/amsopn.sty
Package: amsopn 2022/04/08 v2.04 operator names
)
\inf@bad=\count279
LaTeX Info: Redefining \frac on input line 233.
\uproot@=\count280
\leftroot@=\count281
LaTeX Info: Redefining \overline on input line 398.
LaTeX Info: Redefining \colon on input line 409.
\classnum@=\count282
\DOTSCASE@=\count283
LaTeX Info: Redefining \ldots on input line 495.
LaTeX Info: Redefining \dots on input line 498.
LaTeX Info: Redefining \cdots on input line 619.
\Mathstrutbox@=\box53
\strutbox@=\box54
LaTeX Info: Redefining \big on input line 721.
LaTeX Info: Redefining \Big on input line 722.
LaTeX Info: Redefining \bigg on input line 723.
LaTeX Info: Redefining \Bigg on input line 724.
\big@size=\dimen151
LaTeX Font Info:    Redeclaring font encoding OML on input line 742.
LaTeX Font Info:    Redeclaring font encoding OMS on input line 743.
\macc@depth=\count284
LaTeX Info: Redefining \bmod on input line 904.
LaTeX Info: Redefining \pmod on input line 909.
LaTeX Info: Redefining \smash on input line 939.
LaTeX Info: Redefining \relbar on input line 969.
LaTeX Info: Redefining \Relbar on input line 970.
\c@MaxMatrixCols=\count285
\dotsspace@=\muskip17
\c@parentequation=\count286
\dspbrk@lvl=\count287
\tag@help=\toks18
\row@=\count288
\column@=\count289
\maxfields@=\count290
\andhelp@=\toks19
\eqnshift@=\dimen152
\alignsep@=\dimen153
\tagshift@=\dimen154
\tagwidth@=\dimen155
\totwidth@=\dimen156
\lineht@=\dimen157
\@envbody=\toks20
\multlinegap=\skip52
\multlinetaggap=\skip53
\mathdisplay@stack=\toks21
LaTeX Info: Redefining \[ on input line 2950.
LaTeX Info: Redefining \] on input line 2951.
) (/home/zaikunzhang/local/texlive/2025/texmf-dist/tex/latex/amscls/amsthm.sty
Package: amsthm 2020/05/29 v2.20.6
\thm@style=\toks22
\thm@bodyfont=\toks23
\thm@headfont=\toks24
\thm@notefont=\toks25
\thm@headpunct=\toks26
\thm@preskip=\skip54
\thm@postskip=\skip55
\thm@headsep=\skip56
\dth@everypar=\toks27
)
(/home/zaikunzhang/local/texlive/2025/texmf-dist/tex/latex/amsfonts/amssymb.sty
Package: amssymb 2013/01/14 v3.01 AMS font symbols

(/home/zaikunzhang/local/texlive/2025/texmf-dist/tex/latex/amsfonts/amsfonts.st
y
Package: amsfonts 2013/01/14 v3.01 Basic AMSFonts support
\symAMSa=\mathgroup4
\symAMSb=\mathgroup5
LaTeX Font Info:    Redeclaring math symbol \hbar on input line 98.
LaTeX Font Info:    Overwriting math alphabet `\mathfrak' in version `bold'
(Font)                  U/euf/m/n --> U/euf/b/n on input line 106.
))
(/home/zaikunzhang/local/texlive/2025/texmf-dist/tex/latex/mathtools/empheq.sty
Package: empheq 2024/08/09 v2.17 Emphasizing equations

(/home/zaikunzhang/local/texlive/2025/texmf-dist/tex/latex/mathtools/mhsetup.st
y
Package: mhsetup 2021/03/18 v1.4 programming setup (MH)
)
(/home/zaikunzhang/local/texlive/2025/texmf-dist/tex/latex/mathtools/mathtools.
sty
Package: mathtools 2024/10/04 v1.31 mathematical typesetting tools

(/home/zaikunzhang/local/texlive/2025/texmf-dist/tex/latex/graphics/keyval.sty
Package: keyval 2022/05/29 v1.15 key=value parser (DPC)
\KV@toks@=\toks28
) (/home/zaikunzhang/local/texlive/2025/texmf-dist/tex/latex/tools/calc.sty
Package: calc 2025/03/01 v4.3b Infix arithmetic (KKT,FJ)
\calc@Acount=\count291
\calc@Bcount=\count292
\calc@Adimen=\dimen158
\calc@Bdimen=\dimen159
\calc@Askip=\skip57
\calc@Bskip=\skip58
LaTeX Info: Redefining \setlength on input line 86.
LaTeX Info: Redefining \addtolength on input line 87.
\calc@Ccount=\count293
\calc@Cskip=\skip59
)
\g_MT_multlinerow_int=\count294
\l_MT_multwidth_dim=\dimen160
\origjot=\skip60
\l_MT_shortvdotswithinadjustabove_dim=\dimen161
\l_MT_shortvdotswithinadjustbelow_dim=\dimen162
\l_MT_above_intertext_sep=\dimen163
\l_MT_below_intertext_sep=\dimen164
\l_MT_above_shortintertext_sep=\dimen165
\l_MT_below_shortintertext_sep=\dimen166
\xmathstrut@box=\box55
\xmathstrut@dim=\dimen167
)
\l_EQ_equationtype_int=\count295
\l_EQ_alignmentmode_int=\count296
\l_EQ_totalwidth_dim=\dimen168
\l_EQ_displaywidth_dim=\dimen169
\l_EQ_temp_linewidth_dim=\dimen170
\l_EQ_linewidth_dim=\dimen171
\EmphEqdelimitershortfall=\dimen172
\EmphEqdelimiterfactor=\count297
\g_EQ_toptag_height_dim=\dimen173
\g_EQ_bottomtag_depth_dim=\dimen174
\g_EQ_toprow_height_dim=\dimen175
\g_EQ_bottomrow_depth_dim=\dimen176
\g_EQ_widesttag_dim=\dimen177
\EQ_mathdisplay_box=\box56
\EQ_tag_box=\box57
\g_EQ_temprow_int=\count298
)
(/home/zaikunzhang/local/texlive/2025/texmf-dist/tex/latex/tools/bm.sty
Package: bm 2025/10/21 v1.2g Bold Symbol Support (DPC/FMi)
\symboldoperators=\mathgroup6
\symboldletters=\mathgroup7
\symboldsymbols=\mathgroup8
Package bm Info: No bold for \OMX/cmex/m/n, using \pmb.
Package bm Info: No bold for \U/msa/m/n, using \pmb.
Package bm Info: No bold for \U/msb/m/n, using \pmb.
LaTeX Font Info:    Redeclaring math alphabet \mathbf on input line 149.
)
(/home/zaikunzhang/local/texlive/2025/texmf-dist/tex/latex/tools/enumerate.sty
Package: enumerate 2023/07/04 v3.00 enumerate extensions (DPC)
\@enLab=\toks29
) (/home/zaikunzhang/local/texlive/2025/texmf-dist/tex/latex/graphics/lscape.st
y
Package: lscape 2020/05/28 v3.02 Landscape Pages (DPC)

(/home/zaikunzhang/local/texlive/2025/texmf-dist/tex/latex/graphics/graphics.st
y
Package: graphics 2024/08/06 v1.4g Standard LaTeX Graphics (DPC,SPQR)
 (/home/zaikunzhang/local/texlive/2025/texmf-dist/tex/latex/graphics/trig.sty
Package: trig 2023/12/02 v1.11 sin cos tan (DPC)
)
(/home/zaikunzhang/local/texlive/2025/texmf-dist/tex/latex/graphics-cfg/graphic
s.cfg
File: graphics.cfg 2016/06/04 v1.11 sample graphics configuration
)
Package graphics Info: Driver file: xetex.def on input line 106.

(/home/zaikunzhang/local/texlive/2025/texmf-dist/tex/latex/graphics-def/xetex.d
ef
File: xetex.def 2025/11/01 v5.0p Graphics/color driver for xetex
)))
(/home/zaikunzhang/local/texlive/2025/texmf-dist/tex/latex/tools/longtable.sty
Package: longtable 2025-10-13 v4.24 Multi-page Table package (DPC)
\LTleft=\skip61
\LTright=\skip62
\LTpre=\skip63
\LTpost=\skip64
\LTchunksize=\count299
\LTcapwidth=\dimen178
\LT@head=\box58
\LT@firsthead=\box59
\LT@foot=\box60
\LT@lastfoot=\box61
\LT@gbox=\box62
\LT@cols=\count300
\LT@rows=\count301
\c@LT@tables=\count302
\c@LT@chunks=\count303
\LT@p@ftn=\toks30
) (/home/zaikunzhang/local/texlive/2025/texmf-dist/tex/latex/graphics/color.sty
Package: color 2025/01/14 v1.3e Standard LaTeX Color (DPC)

(/home/zaikunzhang/local/texlive/2025/texmf-dist/tex/latex/graphics-cfg/color.c
fg
File: color.cfg 2016/01/02 v1.6 sample color configuration
)
Package color Info: Driver file: xetex.def on input line 149.

(/home/zaikunzhang/local/texlive/2025/texmf-dist/tex/latex/graphics/mathcolor.l
tx))
(/home/zaikunzhang/local/texlive/2025/texmf-dist/tex/latex/jknapltx/mathbbol.st
y
Package: mathbbol 1995/01/01
\symbbold=\mathgroup9
)
(/home/zaikunzhang/local/texlive/2025/texmf-dist/tex/latex/bbm-macros/bbm.sty
Package: bbm 1999/03/15 V 1.2 provides fonts for set symbols - TH
LaTeX Font Info:    Redeclaring math alphabet \mathbbm on input line 32.
LaTeX Font Info:    Overwriting math alphabet `\mathbbm' in version `bold'
(Font)                  U/bbm/m/n --> U/bbm/bx/n on input line 33.
LaTeX Font Info:    Overwriting math alphabet `\mathbbmss' in version `bold'
(Font)                  U/bbmss/m/n --> U/bbmss/bx/n on input line 35.
)
(/home/zaikunzhang/local/texlive/2025/texmf-dist/tex/latex/url/url.sty
\Urlmuskip=\muskip18
Package: url 2013/09/16  ver 3.4  Verb mode for urls, etc.
)
(/home/zaikunzhang/local/texlive/2025/texmf-dist/tex/latex/graphics/rotating.st
y
Package: rotating 2025/01/14 v2.16e rotated objects in LaTeX

(/home/zaikunzhang/local/texlive/2025/texmf-dist/tex/latex/graphics/graphicx.st
y
Package: graphicx 2024/12/31 v1.2e Enhanced LaTeX Graphics (DPC,SPQR)
\Gin@req@height=\dimen179
\Gin@req@width=\dimen180
) (/home/zaikunzhang/local/texlive/2025/texmf-dist/tex/latex/base/ifthen.sty
Package: ifthen 2024/03/16 v1.1e Standard LaTeX ifthen package (DPC)
)
\c@r@tfl@t=\count304
\rotFPtop=\skip65
\rotFPbot=\skip66
\rot@float@box=\box63
\rot@mess@toks=\toks31
) (/home/zaikunzhang/local/texlive/2025/texmf-dist/tex/latex/eqlist/eqlist.sty
eqlist.sty by M. Vaeth: Revision 2.1
Package: eqlist 2002/08/15 v2.1

(/home/zaikunzhang/local/texlive/2025/texmf-dist/tex/latex/eqparbox/eqparbox.st
y
Package: eqparbox 2017/09/03 v4.1 Create equal-widthed boxes
\eqp@tempdima=\skip67
\eqp@tempdimb=\skip68
 (/home/zaikunzhang/local/texlive/2025/texmf-dist/tex/latex/tools/array.sty
Package: array 2025/09/25 v2.6n Tabular extension package (FMi)
\col@sep=\dimen181
\ar@mcellbox=\box64
\extrarowheight=\dimen182
\NC@list=\toks32
\extratabsurround=\skip69
\backup@length=\skip70
\ar@cellbox=\box65
)
\eqp@tabular@box=\box66
\eqp@list@box=\box67
\eqp@list@indent=\skip71

(/home/zaikunzhang/local/texlive/2025/texmf-dist/tex/latex/environ/environ.sty
Package: environ 2014/05/04 v0.3 A new way to define environments

(/home/zaikunzhang/local/texlive/2025/texmf-dist/tex/latex/trimspaces/trimspace
s.sty
Package: trimspaces 2009/09/17 v1.1 Trim spaces around a token list
)))
\eql@cnt=\count305
)
(/home/zaikunzhang/local/texlive/2025/texmf-dist/tex/latex/pgf/frontendlayer/ti
kz.sty
(/home/zaikunzhang/local/texlive/2025/texmf-dist/tex/latex/pgf/basiclayer/pgf.s
ty
(/home/zaikunzhang/local/texlive/2025/texmf-dist/tex/latex/pgf/utilities/pgfrcs
.sty
(/home/zaikunzhang/local/texlive/2025/texmf-dist/tex/generic/pgf/utilities/pgfu
til-common.tex
\pgfutil@everybye=\toks33
\pgfutil@tempdima=\dimen183
\pgfutil@tempdimb=\dimen184
)
(/home/zaikunzhang/local/texlive/2025/texmf-dist/tex/generic/pgf/utilities/pgfu
til-latex.def
\pgfutil@abb=\box68
)
(/home/zaikunzhang/local/texlive/2025/texmf-dist/tex/generic/pgf/utilities/pgfr
cs.code.tex
(/home/zaikunzhang/local/texlive/2025/texmf-dist/tex/generic/pgf/pgf.revision.t
ex)
Package: pgfrcs 2025-08-29 v3.1.11a (3.1.11a)
))
Package: pgf 2025-08-29 v3.1.11a (3.1.11a)

(/home/zaikunzhang/local/texlive/2025/texmf-dist/tex/latex/pgf/basiclayer/pgfco
re.sty
(/home/zaikunzhang/local/texlive/2025/texmf-dist/tex/latex/pgf/systemlayer/pgfs
ys.sty
(/home/zaikunzhang/local/texlive/2025/texmf-dist/tex/generic/pgf/systemlayer/pg
fsys.code.tex
Package: pgfsys 2025-08-29 v3.1.11a (3.1.11a)

(/home/zaikunzhang/local/texlive/2025/texmf-dist/tex/generic/pgf/utilities/pgfk
eys.code.tex
\pgfkeys@pathtoks=\toks34
\pgfkeys@temptoks=\toks35

(/home/zaikunzhang/local/texlive/2025/texmf-dist/tex/generic/pgf/utilities/pgfk
eyslibraryfiltered.code.tex
\pgfkeys@tmptoks=\toks36
))
\pgf@x=\dimen185
\pgf@y=\dimen186
\pgf@xa=\dimen187
\pgf@ya=\dimen188
\pgf@xb=\dimen189
\pgf@yb=\dimen190
\pgf@xc=\dimen191
\pgf@yc=\dimen192
\pgf@xd=\dimen193
\pgf@yd=\dimen194
\w@pgf@writea=\write3
\r@pgf@reada=\read2
\c@pgf@counta=\count306
\c@pgf@countb=\count307
\c@pgf@countc=\count308
\c@pgf@countd=\count309
\t@pgf@toka=\toks37
\t@pgf@tokb=\toks38
\t@pgf@tokc=\toks39
\pgf@sys@id@count=\count310

(/home/zaikunzhang/local/texlive/2025/texmf-dist/tex/generic/pgf/systemlayer/pg
f.cfg
File: pgf.cfg 2025-08-29 v3.1.11a (3.1.11a)
)
Driver file for pgf: pgfsys-xetex.def

(/home/zaikunzhang/local/texlive/2025/texmf-dist/tex/generic/pgf/systemlayer/pg
fsys-xetex.def
File: pgfsys-xetex.def 2025-08-29 v3.1.11a (3.1.11a)

(/home/zaikunzhang/local/texlive/2025/texmf-dist/tex/generic/pgf/systemlayer/pg
fsys-dvipdfmx.def
File: pgfsys-dvipdfmx.def 2025-08-29 v3.1.11a (3.1.11a)

(/home/zaikunzhang/local/texlive/2025/texmf-dist/tex/generic/pgf/systemlayer/pg
fsys-common-pdf.def
File: pgfsys-common-pdf.def 2025-08-29 v3.1.11a (3.1.11a)
)
\pgfsys@objnum=\count311
)))
(/home/zaikunzhang/local/texlive/2025/texmf-dist/tex/generic/pgf/systemlayer/pg
fsyssoftpath.code.tex
File: pgfsyssoftpath.code.tex 2025-08-29 v3.1.11a (3.1.11a)
\pgfsyssoftpath@smallbuffer@items=\count312
\pgfsyssoftpath@bigbuffer@items=\count313
)
(/home/zaikunzhang/local/texlive/2025/texmf-dist/tex/generic/pgf/systemlayer/pg
fsysprotocol.code.tex
File: pgfsysprotocol.code.tex 2025-08-29 v3.1.11a (3.1.11a)
))
(/home/zaikunzhang/local/texlive/2025/texmf-dist/tex/latex/xcolor/xcolor.sty
Package: xcolor 2024/09/29 v3.02 LaTeX color extensions (UK)

(/home/zaikunzhang/local/texlive/2025/texmf-dist/tex/latex/graphics-cfg/color.c
fg
File: color.cfg 2016/01/02 v1.6 sample color configuration
)
Package xcolor Info: Driver file: xetex.def on input line 274.
LaTeX Info: Redefining \color on input line 762.

(/home/zaikunzhang/local/texlive/2025/texmf-dist/tex/latex/graphics/mathcolor.l
tx)
Package xcolor Info: Model `cmy' substituted by `cmy0' on input line 1349.
Package xcolor Info: Model `RGB' extended on input line 1365.
Package xcolor Info: Model `HTML' substituted by `rgb' on input line 1367.
Package xcolor Info: Model `Hsb' substituted by `hsb' on input line 1368.
Package xcolor Info: Model `tHsb' substituted by `hsb' on input line 1369.
Package xcolor Info: Model `HSB' substituted by `hsb' on input line 1370.
Package xcolor Info: Model `Gray' substituted by `gray' on input line 1371.
Package xcolor Info: Model `wave' substituted by `hsb' on input line 1372.
)
(/home/zaikunzhang/local/texlive/2025/texmf-dist/tex/generic/pgf/basiclayer/pgf
core.code.tex
Package: pgfcore 2025-08-29 v3.1.11a (3.1.11a)

(/home/zaikunzhang/local/texlive/2025/texmf-dist/tex/generic/pgf/math/pgfmath.c
ode.tex
(/home/zaikunzhang/local/texlive/2025/texmf-dist/tex/generic/pgf/math/pgfmathut
il.code.tex)
(/home/zaikunzhang/local/texlive/2025/texmf-dist/tex/generic/pgf/math/pgfmathpa
rser.code.tex
\pgfmath@dimen=\dimen195
\pgfmath@count=\count314
\pgfmath@box=\box69
\pgfmath@toks=\toks40
\pgfmath@stack@operand=\toks41
\pgfmath@stack@operation=\toks42
)
(/home/zaikunzhang/local/texlive/2025/texmf-dist/tex/generic/pgf/math/pgfmathfu
nctions.code.tex)
(/home/zaikunzhang/local/texlive/2025/texmf-dist/tex/generic/pgf/math/pgfmathfu
nctions.basic.code.tex)
(/home/zaikunzhang/local/texlive/2025/texmf-dist/tex/generic/pgf/math/pgfmathfu
nctions.trigonometric.code.tex)
(/home/zaikunzhang/local/texlive/2025/texmf-dist/tex/generic/pgf/math/pgfmathfu
nctions.random.code.tex)
(/home/zaikunzhang/local/texlive/2025/texmf-dist/tex/generic/pgf/math/pgfmathfu
nctions.comparison.code.tex)
(/home/zaikunzhang/local/texlive/2025/texmf-dist/tex/generic/pgf/math/pgfmathfu
nctions.base.code.tex)
(/home/zaikunzhang/local/texlive/2025/texmf-dist/tex/generic/pgf/math/pgfmathfu
nctions.round.code.tex)
(/home/zaikunzhang/local/texlive/2025/texmf-dist/tex/generic/pgf/math/pgfmathfu
nctions.misc.code.tex)
(/home/zaikunzhang/local/texlive/2025/texmf-dist/tex/generic/pgf/math/pgfmathfu
nctions.integerarithmetics.code.tex)
(/home/zaikunzhang/local/texlive/2025/texmf-dist/tex/generic/pgf/math/pgfmathca
lc.code.tex)
(/home/zaikunzhang/local/texlive/2025/texmf-dist/tex/generic/pgf/math/pgfmathfl
oat.code.tex
\c@pgfmathroundto@lastzeros=\count315
))
(/home/zaikunzhang/local/texlive/2025/texmf-dist/tex/generic/pgf/math/pgfint.co
de.tex)
(/home/zaikunzhang/local/texlive/2025/texmf-dist/tex/generic/pgf/basiclayer/pgf
corepoints.code.tex
File: pgfcorepoints.code.tex 2025-08-29 v3.1.11a (3.1.11a)
\pgf@picminx=\dimen196
\pgf@picmaxx=\dimen197
\pgf@picminy=\dimen198
\pgf@picmaxy=\dimen199
\pgf@pathminx=\dimen256
\pgf@pathmaxx=\dimen257
\pgf@pathminy=\dimen258
\pgf@pathmaxy=\dimen259
\pgf@xx=\dimen260
\pgf@xy=\dimen261
\pgf@yx=\dimen262
\pgf@yy=\dimen263
\pgf@zx=\dimen264
\pgf@zy=\dimen265
)
(/home/zaikunzhang/local/texlive/2025/texmf-dist/tex/generic/pgf/basiclayer/pgf
corepathconstruct.code.tex
File: pgfcorepathconstruct.code.tex 2025-08-29 v3.1.11a (3.1.11a)
\pgf@path@lastx=\dimen266
\pgf@path@lasty=\dimen267
)
(/home/zaikunzhang/local/texlive/2025/texmf-dist/tex/generic/pgf/basiclayer/pgf
corepathusage.code.tex
File: pgfcorepathusage.code.tex 2025-08-29 v3.1.11a (3.1.11a)
\pgf@shorten@end@additional=\dimen268
\pgf@shorten@start@additional=\dimen269
)
(/home/zaikunzhang/local/texlive/2025/texmf-dist/tex/generic/pgf/basiclayer/pgf
corescopes.code.tex
File: pgfcorescopes.code.tex 2025-08-29 v3.1.11a (3.1.11a)
\pgfpic=\box70
\pgf@hbox=\box71
\pgf@layerbox@main=\box72
\pgf@picture@serial@count=\count316
)
(/home/zaikunzhang/local/texlive/2025/texmf-dist/tex/generic/pgf/basiclayer/pgf
coregraphicstate.code.tex
File: pgfcoregraphicstate.code.tex 2025-08-29 v3.1.11a (3.1.11a)
\pgflinewidth=\dimen270
)
(/home/zaikunzhang/local/texlive/2025/texmf-dist/tex/generic/pgf/basiclayer/pgf
coretransformations.code.tex
File: pgfcoretransformations.code.tex 2025-08-29 v3.1.11a (3.1.11a)
\pgf@pt@x=\dimen271
\pgf@pt@y=\dimen272
\pgf@pt@temp=\dimen273
)
(/home/zaikunzhang/local/texlive/2025/texmf-dist/tex/generic/pgf/basiclayer/pgf
corequick.code.tex
File: pgfcorequick.code.tex 2025-08-29 v3.1.11a (3.1.11a)
)
(/home/zaikunzhang/local/texlive/2025/texmf-dist/tex/generic/pgf/basiclayer/pgf
coreobjects.code.tex
File: pgfcoreobjects.code.tex 2025-08-29 v3.1.11a (3.1.11a)
)
(/home/zaikunzhang/local/texlive/2025/texmf-dist/tex/generic/pgf/basiclayer/pgf
corepathprocessing.code.tex
File: pgfcorepathprocessing.code.tex 2025-08-29 v3.1.11a (3.1.11a)
)
(/home/zaikunzhang/local/texlive/2025/texmf-dist/tex/generic/pgf/basiclayer/pgf
corearrows.code.tex
File: pgfcorearrows.code.tex 2025-08-29 v3.1.11a (3.1.11a)
\pgfarrowsep=\dimen274
)
(/home/zaikunzhang/local/texlive/2025/texmf-dist/tex/generic/pgf/basiclayer/pgf
coreshade.code.tex
File: pgfcoreshade.code.tex 2025-08-29 v3.1.11a (3.1.11a)
\pgf@max=\dimen275
\pgf@sys@shading@range@num=\count317
\pgf@shadingcount=\count318
)
(/home/zaikunzhang/local/texlive/2025/texmf-dist/tex/generic/pgf/basiclayer/pgf
coreimage.code.tex
File: pgfcoreimage.code.tex 2025-08-29 v3.1.11a (3.1.11a)
)
(/home/zaikunzhang/local/texlive/2025/texmf-dist/tex/generic/pgf/basiclayer/pgf
coreexternal.code.tex
File: pgfcoreexternal.code.tex 2025-08-29 v3.1.11a (3.1.11a)
\pgfexternal@startupbox=\box73
)
(/home/zaikunzhang/local/texlive/2025/texmf-dist/tex/generic/pgf/basiclayer/pgf
corelayers.code.tex
File: pgfcorelayers.code.tex 2025-08-29 v3.1.11a (3.1.11a)
)
(/home/zaikunzhang/local/texlive/2025/texmf-dist/tex/generic/pgf/basiclayer/pgf
coretransparency.code.tex
File: pgfcoretransparency.code.tex 2025-08-29 v3.1.11a (3.1.11a)
)
(/home/zaikunzhang/local/texlive/2025/texmf-dist/tex/generic/pgf/basiclayer/pgf
corepatterns.code.tex
File: pgfcorepatterns.code.tex 2025-08-29 v3.1.11a (3.1.11a)
)
(/home/zaikunzhang/local/texlive/2025/texmf-dist/tex/generic/pgf/basiclayer/pgf
corerdf.code.tex
File: pgfcorerdf.code.tex 2025-08-29 v3.1.11a (3.1.11a)
)))
(/home/zaikunzhang/local/texlive/2025/texmf-dist/tex/generic/pgf/modules/pgfmod
uleshapes.code.tex
File: pgfmoduleshapes.code.tex 2025-08-29 v3.1.11a (3.1.11a)
\pgfnodeparttextbox=\box74
)
(/home/zaikunzhang/local/texlive/2025/texmf-dist/tex/generic/pgf/modules/pgfmod
uleplot.code.tex
File: pgfmoduleplot.code.tex 2025-08-29 v3.1.11a (3.1.11a)
)
(/home/zaikunzhang/local/texlive/2025/texmf-dist/tex/latex/pgf/compatibility/pg
fcomp-version-0-65.sty
Package: pgfcomp-version-0-65 2025-08-29 v3.1.11a (3.1.11a)
\pgf@nodesepstart=\dimen276
\pgf@nodesepend=\dimen277
)
(/home/zaikunzhang/local/texlive/2025/texmf-dist/tex/latex/pgf/compatibility/pg
fcomp-version-1-18.sty
Package: pgfcomp-version-1-18 2025-08-29 v3.1.11a (3.1.11a)
))
(/home/zaikunzhang/local/texlive/2025/texmf-dist/tex/latex/pgf/utilities/pgffor
.sty
(/home/zaikunzhang/local/texlive/2025/texmf-dist/tex/latex/pgf/utilities/pgfkey
s.sty
(/home/zaikunzhang/local/texlive/2025/texmf-dist/tex/generic/pgf/utilities/pgfk
eys.code.tex))
(/home/zaikunzhang/local/texlive/2025/texmf-dist/tex/latex/pgf/math/pgfmath.sty

(/home/zaikunzhang/local/texlive/2025/texmf-dist/tex/generic/pgf/math/pgfmath.c
ode.tex))
(/home/zaikunzhang/local/texlive/2025/texmf-dist/tex/generic/pgf/utilities/pgff
or.code.tex
Package: pgffor 2025-08-29 v3.1.11a (3.1.11a)
\pgffor@iter=\dimen278
\pgffor@skip=\dimen279
\pgffor@stack=\toks43
\pgffor@toks=\toks44
))
(/home/zaikunzhang/local/texlive/2025/texmf-dist/tex/generic/pgf/frontendlayer/
tikz/tikz.code.tex
Package: tikz 2025-08-29 v3.1.11a (3.1.11a)

(/home/zaikunzhang/local/texlive/2025/texmf-dist/tex/generic/pgf/libraries/pgfl
ibraryplothandlers.code.tex
File: pgflibraryplothandlers.code.tex 2025-08-29 v3.1.11a (3.1.11a)
\pgf@plot@mark@count=\count319
\pgfplotmarksize=\dimen280
)
\tikz@lastx=\dimen281
\tikz@lasty=\dimen282
\tikz@lastxsaved=\dimen283
\tikz@lastysaved=\dimen284
\tikz@lastmovetox=\dimen285
\tikz@lastmovetoy=\dimen286
\tikzleveldistance=\dimen287
\tikzsiblingdistance=\dimen288
\tikz@figbox=\box75
\tikz@figbox@bg=\box76
\tikz@tempbox=\box77
\tikz@tempbox@bg=\box78
\tikztreelevel=\count320
\tikznumberofchildren=\count321
\tikznumberofcurrentchild=\count322
\tikz@fig@count=\count323

(/home/zaikunzhang/local/texlive/2025/texmf-dist/tex/generic/pgf/modules/pgfmod
ulematrix.code.tex
File: pgfmodulematrix.code.tex 2025-08-29 v3.1.11a (3.1.11a)
\pgfmatrixcurrentrow=\count324
\pgfmatrixcurrentcolumn=\count325
\pgf@matrix@numberofcolumns=\count326
)
\tikz@expandcount=\count327

(/home/zaikunzhang/local/texlive/2025/texmf-dist/tex/generic/pgf/frontendlayer/
tikz/libraries/tikzlibrarytopaths.code.tex
File: tikzlibrarytopaths.code.tex 2025-08-29 v3.1.11a (3.1.11a)
)))
(/home/zaikunzhang/local/texlive/2025/texmf-dist/tex/latex/tikzscale/tikzscale.
sty
Package: tikzscale 2013/05/22 v0.2.6 tikzscale LaTeX package

(/home/zaikunzhang/local/texlive/2025/texmf-dist/tex/latex/etoolbox/etoolbox.st
y
Package: etoolbox 2025/10/02 v2.5m e-TeX tools for LaTeX (JAW)
\etb@tempcnta=\count328
)
(/home/zaikunzhang/local/texlive/2025/texmf-dist/tex/latex/l3packages/xparse/xp
arse.sty
(/home/zaikunzhang/local/texlive/2025/texmf-dist/tex/latex/l3kernel/expl3.sty
Package: expl3 2025-12-29 L3 programming layer (loader) 

(/home/zaikunzhang/local/texlive/2025/texmf-dist/tex/latex/l3backend/l3backend-
xetex.def
File: l3backend-xetex.def 2025-10-09 L3 backend support: XeTeX
\g__graphics_track_int=\count329
\g__pdfannot_backend_int=\count330
\g__pdfannot_backend_link_int=\count331
))
Package: xparse 2025-10-09 L3 Experimental document command parser
)
(/home/zaikunzhang/local/texlive/2025/texmf-dist/tex/latex/letltxmacro/letltxma
cro.sty
Package: letltxmacro 2019/12/03 v1.6 Let assignment for LaTeX macros (HO)
)
(/home/zaikunzhang/local/texlive/2025/texmf-dist/tex/generic/xstring/xstring.st
y
(/home/zaikunzhang/local/texlive/2025/texmf-dist/tex/generic/xstring/xstring.te
x
\xs_counta=\count332
\xs_countb=\count333
)
Package: xstring 2023/08/22 v1.86 String manipulations (CT)
)
\tikzscale@measuredSize=\box79
)
(/home/zaikunzhang/local/texlive/2025/texmf-dist/tex/latex/tikz-cd/tikz-cd.sty
Package: tikz-cd 2021/05/04 v1.0 Commutative diagrams with TikZ

(/home/zaikunzhang/local/texlive/2025/texmf-dist/tex/generic/tikz-cd/tikzlibrar
ycd.code.tex
(/home/zaikunzhang/local/texlive/2025/texmf-dist/tex/generic/pgf/frontendlayer/
tikz/libraries/tikzlibrarymatrix.code.tex
File: tikzlibrarymatrix.code.tex 2025-08-29 v3.1.11a (3.1.11a)
)
(/home/zaikunzhang/local/texlive/2025/texmf-dist/tex/generic/pgf/frontendlayer/
tikz/libraries/tikzlibraryquotes.code.tex
File: tikzlibraryquotes.code.tex 2025-08-29 v3.1.11a (3.1.11a)
)
(/home/zaikunzhang/local/texlive/2025/texmf-dist/tex/generic/pgf/libraries/pgfl
ibraryarrows.meta.code.tex
File: pgflibraryarrows.meta.code.tex 2025-08-29 v3.1.11a (3.1.11a)
\pgfarrowinset=\dimen289
\pgfarrowlength=\dimen290
\pgfarrowwidth=\dimen291
\pgfarrowlinewidth=\dimen292
)))
(/home/zaikunzhang/local/texlive/2025/texmf-dist/tex/generic/pgf/frontendlayer/
tikz/libraries/tikzlibraryarrows.code.tex
File: tikzlibraryarrows.code.tex 2025-08-29 v3.1.11a (3.1.11a)

(/home/zaikunzhang/local/texlive/2025/texmf-dist/tex/generic/pgf/libraries/pgfl
ibraryarrows.code.tex
File: pgflibraryarrows.code.tex 2025-08-29 v3.1.11a (3.1.11a)
\arrowsize=\dimen293
))
(/home/zaikunzhang/local/texlive/2025/texmf-dist/tex/generic/pgf/frontendlayer/
tikz/libraries/tikzlibrarypatterns.code.tex
File: tikzlibrarypatterns.code.tex 2025-08-29 v3.1.11a (3.1.11a)

(/home/zaikunzhang/local/texlive/2025/texmf-dist/tex/generic/pgf/libraries/pgfl
ibrarypatterns.code.tex
File: pgflibrarypatterns.code.tex 2025-08-29 v3.1.11a (3.1.11a)
))
(/home/zaikunzhang/local/texlive/2025/texmf-dist/tex/generic/pgf/frontendlayer/
tikz/libraries/tikzlibrarypositioning.code.tex
File: tikzlibrarypositioning.code.tex 2025-08-29 v3.1.11a (3.1.11a)
)
(/home/zaikunzhang/local/texlive/2025/texmf-dist/tex/generic/pgf/frontendlayer/
tikz/libraries/tikzlibrarydecorations.markings.code.tex
(/home/zaikunzhang/local/texlive/2025/texmf-dist/tex/generic/pgf/frontendlayer/
tikz/libraries/tikzlibrarydecorations.code.tex
(/home/zaikunzhang/local/texlive/2025/texmf-dist/tex/generic/pgf/modules/pgfmod
uledecorations.code.tex
\pgfdecoratedcompleteddistance=\dimen294
\pgfdecoratedremainingdistance=\dimen295
\pgfdecoratedinputsegmentcompleteddistance=\dimen296
\pgfdecoratedinputsegmentremainingdistance=\dimen297
\pgf@decorate@distancetomove=\dimen298
\pgf@decorate@repeatstate=\count334
\pgfdecorationsegmentamplitude=\dimen299
\pgfdecorationsegmentlength=\dimen300
)
\tikz@lib@dec@box=\box80
)
(/home/zaikunzhang/local/texlive/2025/texmf-dist/tex/generic/pgf/libraries/deco
rations/pgflibrarydecorations.markings.code.tex))
(/home/zaikunzhang/local/texlive/2025/texmf-dist/tex/generic/pgf/frontendlayer/
tikz/libraries/tikzlibraryshapes.code.tex
File: tikzlibraryshapes.code.tex 2025-08-29 v3.1.11a (3.1.11a)

(/home/zaikunzhang/local/texlive/2025/texmf-dist/tex/generic/pgf/frontendlayer/
tikz/libraries/tikzlibraryshapes.geometric.code.tex
File: tikzlibraryshapes.geometric.code.tex 2025-08-29 v3.1.11a (3.1.11a)

(/home/zaikunzhang/local/texlive/2025/texmf-dist/tex/generic/pgf/libraries/shap
es/pgflibraryshapes.geometric.code.tex
File: pgflibraryshapes.geometric.code.tex 2025-08-29 v3.1.11a (3.1.11a)
))
(/home/zaikunzhang/local/texlive/2025/texmf-dist/tex/generic/pgf/frontendlayer/
tikz/libraries/tikzlibraryshapes.misc.code.tex
File: tikzlibraryshapes.misc.code.tex 2025-08-29 v3.1.11a (3.1.11a)

(/home/zaikunzhang/local/texlive/2025/texmf-dist/tex/generic/pgf/libraries/shap
es/pgflibraryshapes.misc.code.tex
File: pgflibraryshapes.misc.code.tex 2025-08-29 v3.1.11a (3.1.11a)
))
(/home/zaikunzhang/local/texlive/2025/texmf-dist/tex/generic/pgf/frontendlayer/
tikz/libraries/tikzlibraryshapes.symbols.code.tex
File: tikzlibraryshapes.symbols.code.tex 2025-08-29 v3.1.11a (3.1.11a)

(/home/zaikunzhang/local/texlive/2025/texmf-dist/tex/generic/pgf/libraries/shap
es/pgflibraryshapes.symbols.code.tex
File: pgflibraryshapes.symbols.code.tex 2025-08-29 v3.1.11a (3.1.11a)
))
(/home/zaikunzhang/local/texlive/2025/texmf-dist/tex/generic/pgf/frontendlayer/
tikz/libraries/tikzlibraryshapes.arrows.code.tex
File: tikzlibraryshapes.arrows.code.tex 2025-08-29 v3.1.11a (3.1.11a)

(/home/zaikunzhang/local/texlive/2025/texmf-dist/tex/generic/pgf/libraries/shap
es/pgflibraryshapes.arrows.code.tex
File: pgflibraryshapes.arrows.code.tex 2025-08-29 v3.1.11a (3.1.11a)
))
(/home/zaikunzhang/local/texlive/2025/texmf-dist/tex/generic/pgf/frontendlayer/
tikz/libraries/tikzlibraryshapes.callouts.code.tex
(/home/zaikunzhang/local/texlive/2025/texmf-dist/tex/generic/pgf/libraries/shap
es/pgflibraryshapes.callouts.code.tex))
(/home/zaikunzhang/local/texlive/2025/texmf-dist/tex/generic/pgf/frontendlayer/
tikz/libraries/tikzlibraryshapes.multipart.code.tex
File: tikzlibraryshapes.multipart.code.tex 2025-08-29 v3.1.11a (3.1.11a)

(/home/zaikunzhang/local/texlive/2025/texmf-dist/tex/generic/pgf/libraries/shap
es/pgflibraryshapes.multipart.code.tex
File: pgflibraryshapes.multipart.code.tex 2025-08-29 v3.1.11a (3.1.11a)
\pgfnodepartlowerbox=\box81
\pgfnodeparttwobox=\box82
\pgfnodepartthreebox=\box83
\pgfnodepartfourbox=\box84
\pgfnodeparttwentybox=\box85
\pgfnodepartnineteenbox=\box86
\pgfnodeparteighteenbox=\box87
\pgfnodepartseventeenbox=\box88
\pgfnodepartsixteenbox=\box89
\pgfnodepartfifteenbox=\box90
\pgfnodepartfourteenbox=\box91
\pgfnodepartthirteenbox=\box92
\pgfnodeparttwelvebox=\box93
\pgfnodepartelevenbox=\box94
\pgfnodeparttenbox=\box95
\pgfnodepartninebox=\box96
\pgfnodeparteightbox=\box97
\pgfnodepartsevenbox=\box98
\pgfnodepartsixbox=\box99
\pgfnodepartfivebox=\box100
)))
(/home/zaikunzhang/local/texlive/2025/texmf-dist/tex/latex/pgfplots/pgfplots.st
y
(/home/zaikunzhang/local/texlive/2025/texmf-dist/tex/generic/pgfplots/pgfplots.
revision.tex)
Package: pgfplots 2025/08/14 v1.18.2 Data Visualization (1.18.2)

(/home/zaikunzhang/local/texlive/2025/texmf-dist/tex/generic/pgfplots/pgfplots.
code.tex
(/home/zaikunzhang/local/texlive/2025/texmf-dist/tex/generic/pgfplots/pgfplotsc
ore.code.tex
\t@pgfplots@toka=\toks45
\t@pgfplots@tokb=\toks46
\t@pgfplots@tokc=\toks47
\pgfplots@tmpa=\dimen301
\c@pgfplots@coordindex=\count335
\c@pgfplots@scanlineindex=\count336

(/home/zaikunzhang/local/texlive/2025/texmf-dist/tex/generic/pgfplots/sys/pgfpl
otssysgeneric.code.tex))
(/home/zaikunzhang/local/texlive/2025/texmf-dist/tex/generic/pgfplots/libs/pgfp
lotslibrary.code.tex)
(/home/zaikunzhang/local/texlive/2025/texmf-dist/tex/generic/pgfplots/oldpgfcom
patib/pgfplotsoldpgfsupp_loader.code.tex
(/home/zaikunzhang/local/texlive/2025/texmf-dist/tex/generic/pgf/libraries/pgfl
ibraryfpu.code.tex)
(/home/zaikunzhang/local/texlive/2025/texmf-dist/tex/generic/pgfplots/oldpgfcom
patib/pgfplotsoldpgfsupp_pgfutil-common-lists.tex))
(/home/zaikunzhang/local/texlive/2025/texmf-dist/tex/generic/pgfplots/util/pgfp
lotsutil.code.tex
(/home/zaikunzhang/local/texlive/2025/texmf-dist/tex/generic/pgfplots/liststruc
ture/pgfplotsliststructure.code.tex)
(/home/zaikunzhang/local/texlive/2025/texmf-dist/tex/generic/pgfplots/liststruc
ture/pgfplotsliststructureext.code.tex)
(/home/zaikunzhang/local/texlive/2025/texmf-dist/tex/generic/pgfplots/liststruc
ture/pgfplotsarray.code.tex
\c@pgfplotsarray@tmp=\count337
)
(/home/zaikunzhang/local/texlive/2025/texmf-dist/tex/generic/pgfplots/liststruc
ture/pgfplotsmatrix.code.tex)
(/home/zaikunzhang/local/texlive/2025/texmf-dist/tex/generic/pgfplots/numtable/
pgfplotstableshared.code.tex
\c@pgfplotstable@counta=\count338
\t@pgfplotstable@a=\toks48
)
(/home/zaikunzhang/local/texlive/2025/texmf-dist/tex/generic/pgfplots/liststruc
ture/pgfplotsdeque.code.tex)
(/home/zaikunzhang/local/texlive/2025/texmf-dist/tex/generic/pgfplots/util/pgfp
lotsbinary.code.tex
(/home/zaikunzhang/local/texlive/2025/texmf-dist/tex/generic/pgfplots/util/pgfp
lotsbinary.data.code.tex))
(/home/zaikunzhang/local/texlive/2025/texmf-dist/tex/generic/pgfplots/util/pgfp
lotsutil.verb.code.tex)
(/home/zaikunzhang/local/texlive/2025/texmf-dist/tex/generic/pgfplots/libs/pgfl
ibrarypgfplots.surfshading.code.tex
\c@pgfplotslibrarysurf@no=\count339

(/home/zaikunzhang/local/texlive/2025/texmf-dist/tex/generic/pgfplots/sys/pgfli
brarypgfplots.surfshading.pgfsys-xetex.def
(/home/zaikunzhang/local/texlive/2025/texmf-dist/tex/generic/pgfplots/sys/pgfli
brarypgfplots.surfshading.pgfsys-dvipdfmx.def
\c@pgfplotslibrarysurf@streamlen=\count340
))))
(/home/zaikunzhang/local/texlive/2025/texmf-dist/tex/generic/pgfplots/util/pgfp
lotscolormap.code.tex
(/home/zaikunzhang/local/texlive/2025/texmf-dist/tex/generic/pgfplots/util/pgfp
lotscolor.code.tex))
(/home/zaikunzhang/local/texlive/2025/texmf-dist/tex/generic/pgfplots/pgfplotss
tackedplots.code.tex)
(/home/zaikunzhang/local/texlive/2025/texmf-dist/tex/generic/pgfplots/pgfplotsp
lothandlers.code.tex
(/home/zaikunzhang/local/texlive/2025/texmf-dist/tex/generic/pgfplots/pgfplotsm
eshplothandler.code.tex
(/home/zaikunzhang/local/texlive/2025/texmf-dist/tex/generic/pgfplots/pgfplotsm
eshplotimage.code.tex)))
(/home/zaikunzhang/local/texlive/2025/texmf-dist/tex/generic/pgfplots/pgfplots.
scaling.code.tex)
(/home/zaikunzhang/local/texlive/2025/texmf-dist/tex/generic/pgfplots/pgfplotsc
oordprocessing.code.tex)
(/home/zaikunzhang/local/texlive/2025/texmf-dist/tex/generic/pgfplots/pgfplots.
errorbars.code.tex)
(/home/zaikunzhang/local/texlive/2025/texmf-dist/tex/generic/pgfplots/pgfplots.
markers.code.tex)
(/home/zaikunzhang/local/texlive/2025/texmf-dist/tex/generic/pgfplots/pgfplotst
icks.code.tex)
(/home/zaikunzhang/local/texlive/2025/texmf-dist/tex/generic/pgfplots/pgfplots.
paths.code.tex)
(/home/zaikunzhang/local/texlive/2025/texmf-dist/tex/generic/pgf/frontendlayer/
tikz/libraries/tikzlibrarydecorations.pathmorphing.code.tex
(/home/zaikunzhang/local/texlive/2025/texmf-dist/tex/generic/pgf/libraries/deco
rations/pgflibrarydecorations.pathmorphing.code.tex))
(/home/zaikunzhang/local/texlive/2025/texmf-dist/tex/generic/pgf/frontendlayer/
tikz/libraries/tikzlibrarydecorations.pathreplacing.code.tex
(/home/zaikunzhang/local/texlive/2025/texmf-dist/tex/generic/pgf/libraries/deco
rations/pgflibrarydecorations.pathreplacing.code.tex))
(/home/zaikunzhang/local/texlive/2025/texmf-dist/tex/generic/pgfplots/libs/tikz
librarypgfplots.contourlua.code.tex)
\pgfplots@numplots=\count341
\pgfplots@xmin@reg=\dimen302
\pgfplots@xmax@reg=\dimen303
\pgfplots@ymin@reg=\dimen304
\pgfplots@ymax@reg=\dimen305
\pgfplots@zmin@reg=\dimen306
\pgfplots@zmax@reg=\dimen307
)
(/home/zaikunzhang/local/texlive/2025/texmf-dist/tex/generic/pgf/frontendlayer/
tikz/libraries/tikzlibraryplotmarks.code.tex
File: tikzlibraryplotmarks.code.tex 2025-08-29 v3.1.11a (3.1.11a)

(/home/zaikunzhang/local/texlive/2025/texmf-dist/tex/generic/pgf/libraries/pgfl
ibraryplotmarks.code.tex
File: pgflibraryplotmarks.code.tex 2025-08-29 v3.1.11a (3.1.11a)
)))
(/home/zaikunzhang/local/texlive/2025/texmf-dist/tex/latex/pgfplots/pgfplotstab
le.sty
(/home/zaikunzhang/local/texlive/2025/texmf-dist/tex/generic/pgfplots/pgfplots.
revision.tex)
Package: pgfplotstable 2025/08/14 v1.18.2 Table typesetting and Pretty-printing
 (1.18.2)

(/home/zaikunzhang/local/texlive/2025/texmf-dist/tex/generic/pgfplots/numtable/
pgfplotstable.code.tex
(/home/zaikunzhang/local/texlive/2025/texmf-dist/tex/generic/pgfplots/numtable/
pgfplotstable.coltype.code.tex)))
(/home/zaikunzhang/local/texlive/2025/texmf-dist/tex/latex/caption/caption.sty
Package: caption 2023/08/05 v3.6o Customizing captions (AR)

(/home/zaikunzhang/local/texlive/2025/texmf-dist/tex/latex/caption/caption3.sty
Package: caption3 2023/07/31 v2.4d caption3 kernel (AR)
\caption@tempdima=\dimen308
\captionmargin=\dimen309
\caption@leftmargin=\dimen310
\caption@rightmargin=\dimen311
\caption@width=\dimen312
\caption@indent=\dimen313
\caption@parindent=\dimen314
\caption@hangindent=\dimen315
Package caption Info: Standard document class detected.
)
\c@caption@flags=\count342
\c@continuedfloat=\count343
Package caption Info: longtable package is loaded.

(/home/zaikunzhang/local/texlive/2025/texmf-dist/tex/latex/caption/ltcaption.st
y
Package: ltcaption 2021/01/08 v1.4c longtable captions (AR)
)
Package caption Info: rotating package is loaded.
)
(/home/zaikunzhang/local/texlive/2025/texmf-dist/tex/generic/pgfplots/libs/tikz
librarypgfplots.fillbetween.code.tex
(/home/zaikunzhang/local/texlive/2025/texmf-dist/tex/generic/pgfplots/pgfcontri
b/tikzlibraryfillbetween.code.tex
(/home/zaikunzhang/local/texlive/2025/texmf-dist/tex/generic/pgf/frontendlayer/
tikz/libraries/tikzlibraryintersections.code.tex
(/home/zaikunzhang/local/texlive/2025/texmf-dist/tex/generic/pgf/libraries/pgfl
ibraryintersections.code.tex
\pgf@intersect@solutions=\count344
))
(/home/zaikunzhang/local/texlive/2025/texmf-dist/tex/generic/pgfplots/pgfcontri
b/tikzlibrarydecorations.softclip.code.tex
(/home/zaikunzhang/local/texlive/2025/texmf-dist/tex/generic/pgfplots/pgfcontri
b/pgflibraryfillbetween.code.tex)))
(/home/zaikunzhang/local/texlive/2025/texmf-dist/tex/generic/pgfplots/libs/tikz
librarypgfplots.decorations.softclip.code.tex))
(/home/zaikunzhang/local/texlive/2025/texmf-dist/tex/latex/accents/accents.sty
Package: accents 2006/05/12 v1.4 Math Accent Tools
\cc@skew=\dimen316
\cc@wd=\dimen317
\cc@code=\count345
\cc@group=\count346
\cc@skewchar=\count347
) (/home/zaikunzhang/local/texlive/2025/texmf-dist/tex/latex/tools/xspace.sty
Package: xspace 2014/10/28 v1.13 Space after command names (DPC,MH)
)
(/home/zaikunzhang/local/texlive/2025/texmf-dist/tex/latex/silence/silence.sty
Package: silence 2012/07/02 v1.5b Selective filtering of warnings and error mes
sages
\sl@Save=\count348
\sl@StateNumber=\count349
\sl@MessageCount=\count350
\sl@Casualties=\count351
\sl@Filter=\toks49
\sl@Message=\toks50
\sl@UnexpandedMessage=\toks51
\sl@Mess@ge=\toks52
\sl@WarningCount=\count352
\sl@WarningNumber=\count353
\sl@WarningCasualties=\count354
\sl@TempBOW=\toks53
\sl@BankOfWarnings=\toks54
LaTeX Info: Redefining \GenericWarning on input line 433.
\sl@ErrorCount=\count355
\sl@ErrorNumber=\count356
\sl@ErrorCasualties=\count357
\sl@TempBOE=\toks55
\sl@BankOfErrors=\toks56
LaTeX Info: Redefining \GenericError on input line 601.
) (/home/zaikunzhang/local/texlive/2025/texmf-dist/tex/generic/ulem/ulem.sty
\UL@box=\box101
\UL@hyphenbox=\box102
\UL@skip=\skip72
\UL@hook=\toks57
\UL@height=\dimen318
\UL@pe=\count358
\UL@pixel=\dimen319
\ULC@box=\box103
Package: ulem 2019/11/18
\ULdepth=\dimen320
)
(/home/zaikunzhang/local/texlive/2025/texmf-dist/tex/latex/appendix/appendix.st
y
Package: appendix 2020/02/08 v1.2c extra appendix facilities
\c@@pps=\count359
\c@@ppsavesec=\count360
\c@@ppsaveapp=\count361
)
(/home/zaikunzhang/local/texlive/2025/texmf-dist/tex/latex/multirow/multirow.st
y
Package: multirow 2024/11/12 v2.9 Span multiple rows of a table
\multirow@colwidth=\skip73
\multirow@cntb=\count362
\multirow@dima=\skip74
\bigstrutjot=\dimen321
)
(/home/zaikunzhang/local/texlive/2025/texmf-dist/tex/latex/booktabs/booktabs.st
y
Package: booktabs 2020/01/12 v1.61803398 Publication quality tables
\heavyrulewidth=\dimen322
\lightrulewidth=\dimen323
\cmidrulewidth=\dimen324
\belowrulesep=\dimen325
\belowbottomsep=\dimen326
\aboverulesep=\dimen327
\abovetopsep=\dimen328
\cmidrulesep=\dimen329
\cmidrulekern=\dimen330
\defaultaddspace=\dimen331
\@cmidla=\count363
\@cmidlb=\count364
\@aboverulesep=\dimen332
\@belowrulesep=\dimen333
\@thisruleclass=\count365
\@lastruleclass=\count366
\@thisrulewidth=\dimen334
)
(/home/zaikunzhang/local/texlive/2025/texmf-dist/tex/latex/enumitem/enumitem.st
y
Package: enumitem 2025/02/06 v3.11 Customized lists
\labelindent=\skip75
\enit@outerparindent=\dimen335
\enit@toks=\toks58
\enit@inbox=\box104
\enit@count@id=\count367
\enitdp@description=\count368
) (/home/zaikunzhang/local/texlive/2025/texmf-dist/tex/latex/was/upgreek.sty
Package: upgreek 2003/02/12 v2.0 (WaS)
Package upgreek Info: Using Euler Roman for upright Greek on input line 31.
\symugrf@m=\mathgroup10
LaTeX Font Info:    Overwriting symbol font `ugrf@m' in version `bold'
(Font)                  U/eur/m/n --> U/eur/b/n on input line 38.
)
(/home/zaikunzhang/local/texlive/2025/texmf-dist/tex/latex/hyperref/hyperref.st
y
Package: hyperref 2025-07-12 v7.01o Hypertext links for LaTeX
 (/home/zaikunzhang/local/texlive/2025/texmf-dist/tex/generic/iftex/iftex.sty
Package: iftex 2024/12/12 v1.0g TeX engine tests
)
(/home/zaikunzhang/local/texlive/2025/texmf-dist/tex/latex/kvsetkeys/kvsetkeys.
sty
Package: kvsetkeys 2022-10-05 v1.19 Key value parser (HO)
)
(/home/zaikunzhang/local/texlive/2025/texmf-dist/tex/generic/kvdefinekeys/kvdef
inekeys.sty
Package: kvdefinekeys 2019-12-19 v1.6 Define keys (HO)
)
(/home/zaikunzhang/local/texlive/2025/texmf-dist/tex/generic/pdfescape/pdfescap
e.sty
Package: pdfescape 2019/12/09 v1.15 Implements pdfTeX's escape features (HO)

(/home/zaikunzhang/local/texlive/2025/texmf-dist/tex/generic/ltxcmds/ltxcmds.st
y
Package: ltxcmds 2023-12-04 v1.26 LaTeX kernel commands for general use (HO)
)
(/home/zaikunzhang/local/texlive/2025/texmf-dist/tex/generic/pdftexcmds/pdftexc
mds.sty
Package: pdftexcmds 2020-06-27 v0.33 Utility functions of pdfTeX for LuaTeX (HO
)

(/home/zaikunzhang/local/texlive/2025/texmf-dist/tex/generic/infwarerr/infwarer
r.sty
Package: infwarerr 2019/12/03 v1.5 Providing info/warning/error messages (HO)
)
Package pdftexcmds Info: \pdf@primitive is available.
Package pdftexcmds Info: \pdf@ifprimitive is available.
Package pdftexcmds Info: \pdfdraftmode not found.
))
(/home/zaikunzhang/local/texlive/2025/texmf-dist/tex/latex/hycolor/hycolor.sty
Package: hycolor 2020-01-27 v1.10 Color options for hyperref/bookmark (HO)
)
(/home/zaikunzhang/local/texlive/2025/texmf-dist/tex/latex/hyperref/nameref.sty
Package: nameref 2025-06-21 v2.57 Cross-referencing by name of section

(/home/zaikunzhang/local/texlive/2025/texmf-dist/tex/latex/refcount/refcount.st
y
Package: refcount 2019/12/15 v3.6 Data extraction from label references (HO)
)
(/home/zaikunzhang/local/texlive/2025/texmf-dist/tex/generic/gettitlestring/get
titlestring.sty
Package: gettitlestring 2019/12/15 v1.6 Cleanup title references (HO)

(/home/zaikunzhang/local/texlive/2025/texmf-dist/tex/latex/kvoptions/kvoptions.
sty
Package: kvoptions 2022-06-15 v3.15 Key value format for package options (HO)
))
\c@section@level=\count369
)
(/home/zaikunzhang/local/texlive/2025/texmf-dist/tex/generic/stringenc/stringen
c.sty
Package: stringenc 2019/11/29 v1.12 Convert strings between diff. encodings (HO
)
)
\@linkdim=\dimen336
\Hy@linkcounter=\count370
\Hy@pagecounter=\count371

(/home/zaikunzhang/local/texlive/2025/texmf-dist/tex/latex/hyperref/pd1enc.def
File: pd1enc.def 2025-07-12 v7.01o Hyperref: PDFDocEncoding definition (HO)
)
(/home/zaikunzhang/local/texlive/2025/texmf-dist/tex/generic/intcalc/intcalc.st
y
Package: intcalc 2019/12/15 v1.3 Expandable calculations with integers (HO)
)
\Hy@SavedSpaceFactor=\count372

(/home/zaikunzhang/local/texlive/2025/texmf-dist/tex/latex/hyperref/puenc.def
File: puenc.def 2025-07-12 v7.01o Hyperref: PDF Unicode definition (HO)
)
Package hyperref Info: Hyper figures OFF on input line 4195.
Package hyperref Info: Link nesting OFF on input line 4200.
Package hyperref Info: Hyper index ON on input line 4203.
Package hyperref Info: Plain pages OFF on input line 4210.
Package hyperref Info: Backreferencing OFF on input line 4215.
Package hyperref Info: Implicit mode ON; LaTeX internals redefined.
Package hyperref Info: Bookmarks ON on input line 4462.
\c@Hy@tempcnt=\count373
LaTeX Info: Redefining \url on input line 4801.
\XeTeXLinkMargin=\dimen337

(/home/zaikunzhang/local/texlive/2025/texmf-dist/tex/generic/bitset/bitset.sty
Package: bitset 2019/12/09 v1.3 Handle bit-vector datatype (HO)

(/home/zaikunzhang/local/texlive/2025/texmf-dist/tex/generic/bigintcalc/bigintc
alc.sty
Package: bigintcalc 2019/12/15 v1.5 Expandable calculations on big integers (HO
)
))
\Fld@menulength=\count374
\Field@Width=\dimen338
\Fld@charsize=\dimen339
Package hyperref Info: Hyper figures OFF on input line 6078.
Package hyperref Info: Link nesting OFF on input line 6083.
Package hyperref Info: Hyper index ON on input line 6086.
Package hyperref Info: backreferencing OFF on input line 6093.
Package hyperref Info: Link coloring OFF on input line 6098.
Package hyperref Info: Link coloring with OCG OFF on input line 6103.
Package hyperref Info: PDF/A mode OFF on input line 6108.
\Hy@abspage=\count375
\c@Item=\count376
\c@Hfootnote=\count377
)
Package hyperref Info: Driver (autodetected): hxetex.

(/home/zaikunzhang/local/texlive/2025/texmf-dist/tex/latex/hyperref/hxetex.def
File: hxetex.def 2025-07-12 v7.01o Hyperref driver for XeTeX
\pdfm@box=\box105
\c@Hy@AnnotLevel=\count378
\HyField@AnnotCount=\count379
\Fld@listcount=\count380
\c@bookmark@seq@number=\count381

(/home/zaikunzhang/local/texlive/2025/texmf-dist/tex/latex/rerunfilecheck/rerun
filecheck.sty
Package: rerunfilecheck 2025-06-21 v1.11 Rerun checks for auxiliary files (HO)

(/home/zaikunzhang/local/texlive/2025/texmf-dist/tex/generic/uniquecounter/uniq
uecounter.sty
Package: uniquecounter 2019/12/15 v1.4 Provide unlimited unique counter (HO)
)
Package uniquecounter Info: New unique counter `rerunfilecheck' on input line 2
84.
)
\Hy@SectionHShift=\skip76
)
Package hyperref Info: Option `colorlinks' set `true' on input line 68.

(/home/zaikunzhang/local/texlive/2025/texmf-dist/tex/latex/algorithms/algorithm
.sty
Invalid UTF-8 byte or sequence at line 11 replaced by U+FFFD.
Package: algorithm 2009/08/24 v0.1 Document Style `algorithm' - floating enviro
nment
 (/home/zaikunzhang/local/texlive/2025/texmf-dist/tex/latex/float/float.sty
Package: float 2001/11/08 v1.3d Float enhancements (AL)
\c@float@type=\count382
\float@exts=\toks59
\float@box=\box106
\@float@everytoks=\toks60
\@floatcapt=\box107
)
\@float@every@algorithm=\toks61
\c@algorithm=\count383
)
(/home/zaikunzhang/local/texlive/2025/texmf-dist/tex/latex/algorithmicx/algpseu
docode.sty
Package: algpseudocode 

(/home/zaikunzhang/local/texlive/2025/texmf-dist/tex/latex/algorithmicx/algorit
hmicx.sty
Package: algorithmicx 2005/04/27 v1.2 Algorithmicx

Document Style algorithmicx 1.2 - a greatly improved `algorithmic' style
\c@ALG@line=\count384
\c@ALG@rem=\count385
\c@ALG@nested=\count386
\ALG@tlm=\skip77
\ALG@thistlm=\skip78
\c@ALG@Lnr=\count387
\c@ALG@blocknr=\count388
\c@ALG@storecount=\count389
\c@ALG@tmpcounter=\count390
\ALG@tmplength=\skip79
)
Document Style - pseudocode environments for use with the `algorithmicx' style
)
\c@theorem=\count391
\c@acknowledgement=\count392
\c@alg=\count393
\c@axiom=\count394
\c@case=\count395
\c@claim=\count396
\c@conclusion=\count397
\c@condition=\count398
\c@conjecture=\count399
\c@corollary=\count400
\c@criterion=\count401
\c@exercise=\count402
\c@lemma=\count403
\c@notation=\count404
\c@problem=\count405
\c@proposition=\count406
\c@remark=\count407
\c@solution=\count408
\c@assumption=\count409
\c@summary=\count410
\c@note=\count411
\c@doubt=\count412
\c@properties=\count413
\c@example=\count414
\c@definition=\count415
 (/home/zaikunzhang/local/texlive/2025/texmf-dist/tex/latex/xpatch/xpatch.sty
Package: xpatch 2020/03/25 v0.3a Extending etoolbox patching commands
)
(/home/zaikunzhang/local/texlive/2025/texmf-dist/tex/latex/ncctools/nccmath.sty
Package: nccmath 2006/01/20 v1.3 Additional Math Commands (NCC)
\NCC@fracrulewidth=\dimen340
)
(/home/zaikunzhang/local/texlive/2025/texmf-dist/tex/latex/relsize/relsize.sty
Package: relsize 2013/03/29 ver 4.1
)
LaTeX Font Info:    Overwriting math alphabet `\mathsfit' in version `bold'
(Font)                  T1/lmss/m/sl --> T1/lmss/b/sl on input line 194.
LaTeX Font Info:    Overwriting math alphabet `\mathlcal' in version `bold'
(Font)                  U/dutchcal/m/n --> U/dutchcal/b/n on input line 220.

(/home/zaikunzhang/local/texlive/2025/texmf-dist/tex/latex/mathalpha/mathalfa.s
ty)
(/home/zaikunzhang/local/texlive/2025/texmf-dist/tex/latex/mathalpha/mathalpha.
sty
Package: mathalpha 2025/01/17 - 1.145mathalpha (License LPPL) Michael Sharpe
 `mathalpha' v1.145, 2025/01/17, a renaming of mathalfa (msharpe)
(/home/zaikunzhang/local/texlive/2025/texmf-dist/tex/latex/xkeyval/xkeyval.sty
Package: xkeyval 2025/11/04 v2.10 package option processing (HA)

(/home/zaikunzhang/local/texlive/2025/texmf-dist/tex/generic/xkeyval/xkeyval.te
x
(/home/zaikunzhang/local/texlive/2025/texmf-dist/tex/generic/xkeyval/xkvutils.t
ex
\XKV@toks=\toks62
\XKV@tempa@toks=\toks63
\XKV@tempb@toks=\toks64
)
\XKV@depth=\count416
File: xkeyval.tex 2014/12/03 v2.7a key=value parser (HA)
))
LaTeX Font Info:    Overwriting math alphabet `\mathscr' in version `bold'
(Font)                  U/boondoxuprs/m/n --> U/boondoxuprs/b/n on input line 1
039.
)
\tikzscale@accuracy=\skip80
 (./baire.aux

LaTeX Warning: Label `it:dense' multiply defined.


LaTeX Warning: Label `eq:union' multiply defined.

)
\openout1 = `baire.aux'.

LaTeX Font Info:    Checking defaults for OML/cmm/m/it on input line 274.
LaTeX Font Info:    ... okay on input line 274.
LaTeX Font Info:    Checking defaults for OMS/cmsy/m/n on input line 274.
LaTeX Font Info:    ... okay on input line 274.
LaTeX Font Info:    Checking defaults for OT1/cmr/m/n on input line 274.
LaTeX Font Info:    ... okay on input line 274.
LaTeX Font Info:    Checking defaults for T1/cmr/m/n on input line 274.
LaTeX Font Info:    ... okay on input line 274.
LaTeX Font Info:    Checking defaults for TS1/cmr/m/n on input line 274.
LaTeX Font Info:    ... okay on input line 274.
LaTeX Font Info:    Checking defaults for TU/lmr/m/n on input line 274.
LaTeX Font Info:    ... okay on input line 274.
LaTeX Font Info:    Checking defaults for OMX/cmex/m/n on input line 274.
LaTeX Font Info:    ... okay on input line 274.
LaTeX Font Info:    Checking defaults for U/cmr/m/n on input line 274.
LaTeX Font Info:    ... okay on input line 274.
LaTeX Font Info:    Checking defaults for PD1/pdf/m/n on input line 274.
LaTeX Font Info:    ... okay on input line 274.
LaTeX Font Info:    Checking defaults for PU/pdf/m/n on input line 274.
LaTeX Font Info:    ... okay on input line 274.

Package pgfplots notification 'compat/show suggested version=true': you might b
enefit from \pgfplotsset{compat=1.18} (current compat level: 1.11).

Package caption Info: Begin \AtBeginDocument code.
Package caption Info: float package is loaded.
Package caption Info: hyperref package is loaded.
Package caption Info: End \AtBeginDocument code.
Package hyperref Info: Link coloring ON on input line 274.
(./baire.out) (./baire.out)
\@outlinefile=\write4
\openout4 = `baire.out'.

LaTeX Font Info:    Trying to load font information for U+msa on input line 277
.

(/home/zaikunzhang/local/texlive/2025/texmf-dist/tex/latex/amsfonts/umsa.fd
File: umsa.fd 2013/01/14 v3.01 AMS symbols A
)
LaTeX Font Info:    Trying to load font information for U+msb on input line 277
.

(/home/zaikunzhang/local/texlive/2025/texmf-dist/tex/latex/amsfonts/umsb.fd
File: umsb.fd 2013/01/14 v3.01 AMS symbols B
)
LaTeX Font Info:    Trying to load font information for U+bbold on input line 2
77.

(/home/zaikunzhang/local/texlive/2025/texmf-dist/tex/latex/bbold/Ubbold.fd)
[1

] [2] [3] [4]
Overfull \hbox (50.83325pt too wide) in paragraph at lines 647--654
\TU/lmr/m/n/10.95 sition [][]1.4[][] that $\OML/cmm/m/it/10.95 T[]$ \TU/lmr/m/n
/10.95 is dense in $\OML/cmm/m/it/10.95 Y$\TU/lmr/m/n/10.95 . Hence $[][] \OML/
cmm/m/it/10.95 T[]$ \TU/lmr/m/n/10.95 is dense in $\OML/cmm/m/it/10.95 Y$\TU/lm
r/m/n/10.95 . Therefore, $\OML/cmm/m/it/10.95 Y \OMS/cmsy/m/n/10.95 ^^Z [][]\OT
1/cmr/m/n/10.95 ([][] \OML/cmm/m/it/10.95 T[]\OT1/cmr/m/n/10.95 ) \OMS/cmsy/m/n
/10.95 ^^Z [][]\OT1/cmr/m/n/10.95 ([][] \OML/cmm/m/it/10.95 S[]\OT1/cmr/m/n/10.
95 )$
 []

[5] [6] [7] [8] (./baire.bbl) [9] (./baire.aux)
 ***********
LaTeX2e <2025-11-01>
L3 programming layer <2020/03/25>
 ***********


LaTeX Warning: There were multiply-defined labels.

Package rerunfilecheck Info: File `baire.out' has not changed.
(rerunfilecheck)             Checksum: 78A8E064C1885CF7DAC3DB51A6DE518F;848.
 ) 
Here is how much of TeX's memory you used:
 40636 strings out of 468230
 965584 string characters out of 5428708
 1502890 words of memory out of 5000000
 68566 multiletter control sequences out of 15000+600000
 645006 words of font info for 118 fonts, out of 8000000 for 9000
 1318 hyphenation exceptions out of 8191
 84i,11n,104p,727b,618s stack positions out of 10000i,1000n,20000p,200000b,200000s

Output written on baire.pdf (9 pages).
